// Jest Snapshot v1, https://goo.gl/fbAQLP

exports[`Home component should match the snapshot 1`] = `
<div>
  <div
    class="home-wrapper"
  >
    <h1>
      Welcome to MathMagician
    </h1>
    <p
      class="home-content"
    >
      Explore the realm of possibilities by engaging in calculations and drawing inspiration from our uniquely generated quotes, tailored exclusively for you.
    </p>
  </div>
</div>
`;
