// Jest Snapshot v1, https://goo.gl/fbAQLP

exports[`Nav component should match the snapshot 1`] = `
<div>
  <nav
    class="navbar"
  >
    <img
      alt="logo"
      class="logo"
      src="calc.svg"
    />
    <ul>
      <li>
        <a
          href="/"
        >
          Home
        </a>
      </li>
      <li>
        <a
          href="/calculator"
        >
          Calculator
        </a>
      </li>
      <li>
        <a
          href="/quote"
        >
          Quote
        </a>
      </li>
    </ul>
  </nav>
</div>
`;
